***********************************************************************************************
***                                                                                         ***
***                                    LINK INFORMATION                                     ***
***                                                                                         ***
***********************************************************************************************

Linker version:

  SEGGER ARM Linker 4.30.2 compiled Mar 23 2022 20:07:50
  Copyright (c) 2017-2022 SEGGER Microcontroller GmbH    www.segger.com


***********************************************************************************************
***                                                                                         ***
***                                     MODULE SUMMARY                                      ***
***                                                                                         ***
***********************************************************************************************

Memory use by input file:

  Object File                                       RX Code     RO Data     RW Data     ZI Data
  ---------------------------------------------  ----------  ----------  ----------  ----------
  main.o                                                  2                                    
  SEGGER_crtinit_v7em_little.o                           52                                    
  SEGGER_THUMB_Startup.o                                 20                                    
  stm32f407xx_Vectors.o                                 572                                    
  STM32F4xx_Startup.o                                    64                                    
  system_stm32f4xx.o                                    272          16           4            
  ---------------------------------------------  ----------  ----------  ----------  ----------
  Subtotal (6 objects)                                  982          16           4            
  ---------------------------------------------  ----------  ----------  ----------  ----------
  Linker created (shared data, fills, blocks):                       28                   2 048
  =============================================  ==========  ==========  ==========  ==========
  Total:                                                982          44           4       2 048
  =============================================  ==========  ==========  ==========  ==========

Memory use by archive member:

Memory use by linker:

  Description                                       RX Code     RO Data     RW Data     ZI Data
  ---------------------------------------------  ----------  ----------  ----------  ----------
  Initialization table                                               28                        
  Memory for block 'stack'                                                                2 048
  ---------------------------------------------  ----------  ----------  ----------  ----------
  Subtotal (linker created):                                         28                   2 048
  ---------------------------------------------  ----------  ----------  ----------  ----------
  Objects (6 files)                                     982          16           4            
  =============================================  ==========  ==========  ==========  ==========
  Total:                                                982          44           4       2 048
  =============================================  ==========  ==========  ==========  ==========


***********************************************************************************************
***                                                                                         ***
***                                     SECTION DETAIL                                      ***
***                                                                                         ***
***********************************************************************************************

Sections by address:

  Range              Symbol or [section] Name         Size  Al  Init  Ac  Object File
  -----------------  -------------------------  ----------  --  ----  --  -----------
  08000000-08000187  _vectors                          392  512
                                                                Code  RX  stm32f407xx_Vectors.o
  08000188-08000197  AHBPrescTable                      16   4  Cnst  RO  system_stm32f4xx.o
  08000198-080001af  SystemInit                         24   4  Code  RX  system_stm32f4xx.o
  080001b0-080002a7  SystemCoreClockUpdate             248   4  Code  RX  system_stm32f4xx.o
  080002a8-080002bb  _start                             20   4  Code  RX  SEGGER_THUMB_Startup.o
  080002bc-080002e3  HardFault_Handler                  40   4  Code  RX  STM32F4xx_Startup.o
  080002e4-080002e5  main                                2   2  Code  RX  main.o
  080002e6-080002e7  NMI_Handler                         2   2  Code  RX  stm32f407xx_Vectors.o
  080002e8-080002e9  MemManage_Handler                   2   2  Code  RX  stm32f407xx_Vectors.o
  080002ea-080002eb  BusFault_Handler                    2   2  Code  RX  stm32f407xx_Vectors.o
  080002ec-080002ed  UsageFault_Handler                  2   2  Code  RX  stm32f407xx_Vectors.o
  080002ee-080002ef  SVC_Handler                         2   2  Code  RX  stm32f407xx_Vectors.o
  080002f0-080002f1  DebugMon_Handler                    2   2  Code  RX  stm32f407xx_Vectors.o
  080002f2-080002f3  PendSV_Handler                      2   2  Code  RX  stm32f407xx_Vectors.o
  080002f4-080002f5  SysTick_Handler                     2   2  Code  RX  stm32f407xx_Vectors.o
  080002f6-080002f7  WWDG_IRQHandler                     2   2  Code  RX  stm32f407xx_Vectors.o
  080002f8-080002f9  PVD_IRQHandler                      2   2  Code  RX  stm32f407xx_Vectors.o
  080002fa-080002fb  TAMP_STAMP_IRQHandler               2   2  Code  RX  stm32f407xx_Vectors.o
  080002fc-080002fd  RTC_WKUP_IRQHandler                 2   2  Code  RX  stm32f407xx_Vectors.o
  080002fe-080002ff  FLASH_IRQHandler                    2   2  Code  RX  stm32f407xx_Vectors.o
  08000300-08000301  RCC_IRQHandler                      2   2  Code  RX  stm32f407xx_Vectors.o
  08000302-08000303  EXTI0_IRQHandler                    2   2  Code  RX  stm32f407xx_Vectors.o
  08000304-08000305  EXTI1_IRQHandler                    2   2  Code  RX  stm32f407xx_Vectors.o
  08000306-08000307  EXTI2_IRQHandler                    2   2  Code  RX  stm32f407xx_Vectors.o
  08000308-08000309  EXTI3_IRQHandler                    2   2  Code  RX  stm32f407xx_Vectors.o
  0800030a-0800030b  EXTI4_IRQHandler                    2   2  Code  RX  stm32f407xx_Vectors.o
  0800030c-0800030d  DMA1_Stream0_IRQHandler             2   2  Code  RX  stm32f407xx_Vectors.o
  0800030e-0800030f  DMA1_Stream1_IRQHandler             2   2  Code  RX  stm32f407xx_Vectors.o
  08000310-08000311  DMA1_Stream2_IRQHandler             2   2  Code  RX  stm32f407xx_Vectors.o
  08000312-08000313  DMA1_Stream3_IRQHandler             2   2  Code  RX  stm32f407xx_Vectors.o
  08000314-08000315  DMA1_Stream4_IRQHandler             2   2  Code  RX  stm32f407xx_Vectors.o
  08000316-08000317  DMA1_Stream5_IRQHandler             2   2  Code  RX  stm32f407xx_Vectors.o
  08000318-08000319  DMA1_Stream6_IRQHandler             2   2  Code  RX  stm32f407xx_Vectors.o
  0800031a-0800031b  ADC_IRQHandler                      2   2  Code  RX  stm32f407xx_Vectors.o
  0800031c-0800031d  CAN1_TX_IRQHandler                  2   2  Code  RX  stm32f407xx_Vectors.o
  0800031e-0800031f  CAN1_RX0_IRQHandler                 2   2  Code  RX  stm32f407xx_Vectors.o
  08000320-08000321  CAN1_RX1_IRQHandler                 2   2  Code  RX  stm32f407xx_Vectors.o
  08000322-08000323  CAN1_SCE_IRQHandler                 2   2  Code  RX  stm32f407xx_Vectors.o
  08000324-08000325  EXTI9_5_IRQHandler                  2   2  Code  RX  stm32f407xx_Vectors.o
  08000326-08000327  TIM1_BRK_TIM9_IRQHandler            2   2  Code  RX  stm32f407xx_Vectors.o
  08000328-08000329  TIM1_UP_TIM10_IRQHandler            2   2  Code  RX  stm32f407xx_Vectors.o
  0800032a-0800032b  TIM1_TRG_COM_TIM11_IRQHandler
                                                         2   2  Code  RX  stm32f407xx_Vectors.o
  0800032c-0800032d  TIM1_CC_IRQHandler                  2   2  Code  RX  stm32f407xx_Vectors.o
  0800032e-0800032f  TIM2_IRQHandler                     2   2  Code  RX  stm32f407xx_Vectors.o
  08000330-08000331  TIM3_IRQHandler                     2   2  Code  RX  stm32f407xx_Vectors.o
  08000332-08000333  TIM4_IRQHandler                     2   2  Code  RX  stm32f407xx_Vectors.o
  08000334-08000335  I2C1_EV_IRQHandler                  2   2  Code  RX  stm32f407xx_Vectors.o
  08000336-08000337  I2C1_ER_IRQHandler                  2   2  Code  RX  stm32f407xx_Vectors.o
  08000338-08000339  I2C2_EV_IRQHandler                  2   2  Code  RX  stm32f407xx_Vectors.o
  0800033a-0800033b  I2C2_ER_IRQHandler                  2   2  Code  RX  stm32f407xx_Vectors.o
  0800033c-0800033d  SPI1_IRQHandler                     2   2  Code  RX  stm32f407xx_Vectors.o
  0800033e-0800033f  SPI2_IRQHandler                     2   2  Code  RX  stm32f407xx_Vectors.o
  08000340-08000341  USART1_IRQHandler                   2   2  Code  RX  stm32f407xx_Vectors.o
  08000342-08000343  USART2_IRQHandler                   2   2  Code  RX  stm32f407xx_Vectors.o
  08000344-08000345  USART3_IRQHandler                   2   2  Code  RX  stm32f407xx_Vectors.o
  08000346-08000347  EXTI15_10_IRQHandler                2   2  Code  RX  stm32f407xx_Vectors.o
  08000348-08000349  RTC_Alarm_IRQHandler                2   2  Code  RX  stm32f407xx_Vectors.o
  0800034a-0800034b  OTG_FS_WKUP_IRQHandler              2   2  Code  RX  stm32f407xx_Vectors.o
  0800034c-0800034d  TIM8_BRK_TIM12_IRQHandler           2   2  Code  RX  stm32f407xx_Vectors.o
  0800034e-0800034f  TIM8_UP_TIM13_IRQHandler            2   2  Code  RX  stm32f407xx_Vectors.o
  08000350-08000351  TIM8_TRG_COM_TIM14_IRQHandler
                                                         2   2  Code  RX  stm32f407xx_Vectors.o
  08000352-08000353  TIM8_CC_IRQHandler                  2   2  Code  RX  stm32f407xx_Vectors.o
  08000354-08000355  DMA1_Stream7_IRQHandler             2   2  Code  RX  stm32f407xx_Vectors.o
  08000356-08000357  FSMC_IRQHandler                     2   2  Code  RX  stm32f407xx_Vectors.o
  08000358-08000359  SDIO_IRQHandler                     2   2  Code  RX  stm32f407xx_Vectors.o
  0800035a-0800035b  TIM5_IRQHandler                     2   2  Code  RX  stm32f407xx_Vectors.o
  0800035c-0800035d  SPI3_IRQHandler                     2   2  Code  RX  stm32f407xx_Vectors.o
  0800035e-0800035f  UART4_IRQHandler                    2   2  Code  RX  stm32f407xx_Vectors.o
  08000360-08000361  UART5_IRQHandler                    2   2  Code  RX  stm32f407xx_Vectors.o
  08000362-08000363  TIM6_DAC_IRQHandler                 2   2  Code  RX  stm32f407xx_Vectors.o
  08000364-08000365  TIM7_IRQHandler                     2   2  Code  RX  stm32f407xx_Vectors.o
  08000366-08000367  DMA2_Stream0_IRQHandler             2   2  Code  RX  stm32f407xx_Vectors.o
  08000368-08000369  DMA2_Stream1_IRQHandler             2   2  Code  RX  stm32f407xx_Vectors.o
  0800036a-0800036b  DMA2_Stream2_IRQHandler             2   2  Code  RX  stm32f407xx_Vectors.o
  0800036c-0800036d  DMA2_Stream3_IRQHandler             2   2  Code  RX  stm32f407xx_Vectors.o
  0800036e-0800036f  DMA2_Stream4_IRQHandler             2   2  Code  RX  stm32f407xx_Vectors.o
  08000370-08000371  ETH_IRQHandler                      2   2  Code  RX  stm32f407xx_Vectors.o
  08000372-08000373  ETH_WKUP_IRQHandler                 2   2  Code  RX  stm32f407xx_Vectors.o
  08000374-08000375  CAN2_TX_IRQHandler                  2   2  Code  RX  stm32f407xx_Vectors.o
  08000376-08000377  CAN2_RX0_IRQHandler                 2   2  Code  RX  stm32f407xx_Vectors.o
  08000378-08000379  CAN2_RX1_IRQHandler                 2   2  Code  RX  stm32f407xx_Vectors.o
  0800037a-0800037b  CAN2_SCE_IRQHandler                 2   2  Code  RX  stm32f407xx_Vectors.o
  0800037c-0800037d  OTG_FS_IRQHandler                   2   2  Code  RX  stm32f407xx_Vectors.o
  0800037e-0800037f  DMA2_Stream5_IRQHandler             2   2  Code  RX  stm32f407xx_Vectors.o
  08000380-08000381  DMA2_Stream6_IRQHandler             2   2  Code  RX  stm32f407xx_Vectors.o
  08000382-08000383  DMA2_Stream7_IRQHandler             2   2  Code  RX  stm32f407xx_Vectors.o
  08000384-08000385  USART6_IRQHandler                   2   2  Code  RX  stm32f407xx_Vectors.o
  08000386-08000387  I2C3_EV_IRQHandler                  2   2  Code  RX  stm32f407xx_Vectors.o
  08000388-08000389  I2C3_ER_IRQHandler                  2   2  Code  RX  stm32f407xx_Vectors.o
  0800038a-0800038b  OTG_HS_EP1_OUT_IRQHandler           2   2  Code  RX  stm32f407xx_Vectors.o
  0800038c-0800038d  OTG_HS_EP1_IN_IRQHandler            2   2  Code  RX  stm32f407xx_Vectors.o
  0800038e-0800038f  OTG_HS_WKUP_IRQHandler              2   2  Code  RX  stm32f407xx_Vectors.o
  08000390-08000391  OTG_HS_IRQHandler                   2   2  Code  RX  stm32f407xx_Vectors.o
  08000392-08000393  DCMI_IRQHandler                     2   2  Code  RX  stm32f407xx_Vectors.o
  08000394-08000395  HASH_RNG_IRQHandler                 2   2  Code  RX  stm32f407xx_Vectors.o
  08000396-08000397  FPU_IRQHandler                      2   2  Code  RX  stm32f407xx_Vectors.o
  08000398-08000399  Dummy_Handler                       2   2  Code  RX  stm32f407xx_Vectors.o
  0800039a-080003b1  reset_handler                      24   2  Code  RX  STM32F4xx_Startup.o
  080003b2-080003b3  ( UNUSED .=.+2 )                    2   -  ----  -   -
  080003b4-080003b7  [.init_array]                       4   4  ----  --  STM32F4xx_Startup.o
  080003b8-080003d7  __SEGGER_init_ctors                32   4  Code  RX  SEGGER_crtinit_v7em_little.o
  080003d8-080003ef  __SEGGER_init_table__              24   4  Cnst  RO  [ Linker created ]
  080003f0-080003f3  __SEGGER_init_data__                4   4  Cnst  RO  [ Linker created ]
  080003f4-08000407  __SEGGER_init_copy                 20   2  Code  RX  SEGGER_crtinit_v7em_little.o
  08000408-0fffffff  ( UNUSED .=.+134216696 )   134 216 696
                                                             -  ----  -   -
  10000000-10000003  SystemCoreClock                     4   4  Init  RW  system_stm32f4xx.o
  10000004-2001f7ff  ( UNUSED .=.+268564476 )   268 564 476
                                                             -  ----  -   -
  2001f800-2001ffff  [.bss.block.stack]              2 048   8  None  ZI  [ Linker created ]


***********************************************************************************************
***                                                                                         ***
***                                       SYMBOL LIST                                       ***
***                                                                                         ***
***********************************************************************************************

Function symbols by name:

  Symbol name                   Address        Size  Align  Type  Bd  Object File
  -------------------------  ----------  ----------  -----  ----  --  -----------
  ADC_IRQHandler             0x0800031B                  2  Code  Wk  stm32f407xx_Vectors.o
  BusFault_Handler           0x080002EB                  2  Code  Wk  stm32f407xx_Vectors.o
  CAN1_RX0_IRQHandler        0x0800031F                  2  Code  Wk  stm32f407xx_Vectors.o
  CAN1_RX1_IRQHandler        0x08000321                  2  Code  Wk  stm32f407xx_Vectors.o
  CAN1_SCE_IRQHandler        0x08000323                  2  Code  Wk  stm32f407xx_Vectors.o
  CAN1_TX_IRQHandler         0x0800031D                  2  Code  Wk  stm32f407xx_Vectors.o
  CAN2_RX0_IRQHandler        0x08000377                  2  Code  Wk  stm32f407xx_Vectors.o
  CAN2_RX1_IRQHandler        0x08000379                  2  Code  Wk  stm32f407xx_Vectors.o
  CAN2_SCE_IRQHandler        0x0800037B                  2  Code  Wk  stm32f407xx_Vectors.o
  CAN2_TX_IRQHandler         0x08000375                  2  Code  Wk  stm32f407xx_Vectors.o
  DCMI_IRQHandler            0x08000393                  2  Code  Wk  stm32f407xx_Vectors.o
  DMA1_Stream0_IRQHandler    0x0800030D                  2  Code  Wk  stm32f407xx_Vectors.o
  DMA1_Stream1_IRQHandler    0x0800030F                  2  Code  Wk  stm32f407xx_Vectors.o
  DMA1_Stream2_IRQHandler    0x08000311                  2  Code  Wk  stm32f407xx_Vectors.o
  DMA1_Stream3_IRQHandler    0x08000313                  2  Code  Wk  stm32f407xx_Vectors.o
  DMA1_Stream4_IRQHandler    0x08000315                  2  Code  Wk  stm32f407xx_Vectors.o
  DMA1_Stream5_IRQHandler    0x08000317                  2  Code  Wk  stm32f407xx_Vectors.o
  DMA1_Stream6_IRQHandler    0x08000319                  2  Code  Wk  stm32f407xx_Vectors.o
  DMA1_Stream7_IRQHandler    0x08000355                  2  Code  Wk  stm32f407xx_Vectors.o
  DMA2_Stream0_IRQHandler    0x08000367                  2  Code  Wk  stm32f407xx_Vectors.o
  DMA2_Stream1_IRQHandler    0x08000369                  2  Code  Wk  stm32f407xx_Vectors.o
  DMA2_Stream2_IRQHandler    0x0800036B                  2  Code  Wk  stm32f407xx_Vectors.o
  DMA2_Stream3_IRQHandler    0x0800036D                  2  Code  Wk  stm32f407xx_Vectors.o
  DMA2_Stream4_IRQHandler    0x0800036F                  2  Code  Wk  stm32f407xx_Vectors.o
  DMA2_Stream5_IRQHandler    0x0800037F                  2  Code  Wk  stm32f407xx_Vectors.o
  DMA2_Stream6_IRQHandler    0x08000381                  2  Code  Wk  stm32f407xx_Vectors.o
  DMA2_Stream7_IRQHandler    0x08000383                  2  Code  Wk  stm32f407xx_Vectors.o
  DebugMon_Handler           0x080002F1                  2  Code  Wk  stm32f407xx_Vectors.o
  Dummy_Handler              0x08000399                  2  Code  Wk  stm32f407xx_Vectors.o
  ETH_IRQHandler             0x08000371                  2  Code  Wk  stm32f407xx_Vectors.o
  ETH_WKUP_IRQHandler        0x08000373                  2  Code  Wk  stm32f407xx_Vectors.o
  EXTI0_IRQHandler           0x08000303                  2  Code  Wk  stm32f407xx_Vectors.o
  EXTI15_10_IRQHandler       0x08000347                  2  Code  Wk  stm32f407xx_Vectors.o
  EXTI1_IRQHandler           0x08000305                  2  Code  Wk  stm32f407xx_Vectors.o
  EXTI2_IRQHandler           0x08000307                  2  Code  Wk  stm32f407xx_Vectors.o
  EXTI3_IRQHandler           0x08000309                  2  Code  Wk  stm32f407xx_Vectors.o
  EXTI4_IRQHandler           0x0800030B                  2  Code  Wk  stm32f407xx_Vectors.o
  EXTI9_5_IRQHandler         0x08000325                  2  Code  Wk  stm32f407xx_Vectors.o
  FLASH_IRQHandler           0x080002FF                  2  Code  Wk  stm32f407xx_Vectors.o
  FPU_IRQHandler             0x08000397                  2  Code  Wk  stm32f407xx_Vectors.o
  FSMC_IRQHandler            0x08000357                  2  Code  Wk  stm32f407xx_Vectors.o
  HASH_RNG_IRQHandler        0x08000395                  2  Code  Wk  stm32f407xx_Vectors.o
  HardFault_Handler          0x080002BD                  4  Code  Wk  STM32F4xx_Startup.o
  I2C1_ER_IRQHandler         0x08000337                  2  Code  Wk  stm32f407xx_Vectors.o
  I2C1_EV_IRQHandler         0x08000335                  2  Code  Wk  stm32f407xx_Vectors.o
  I2C2_ER_IRQHandler         0x0800033B                  2  Code  Wk  stm32f407xx_Vectors.o
  I2C2_EV_IRQHandler         0x08000339                  2  Code  Wk  stm32f407xx_Vectors.o
  I2C3_ER_IRQHandler         0x08000389                  2  Code  Wk  stm32f407xx_Vectors.o
  I2C3_EV_IRQHandler         0x08000387                  2  Code  Wk  stm32f407xx_Vectors.o
  MemManage_Handler          0x080002E9                  2  Code  Wk  stm32f407xx_Vectors.o
  NMI_Handler                0x080002E7                  2  Code  Wk  stm32f407xx_Vectors.o
  OTG_FS_IRQHandler          0x0800037D                  2  Code  Wk  stm32f407xx_Vectors.o
  OTG_FS_WKUP_IRQHandler     0x0800034B                  2  Code  Wk  stm32f407xx_Vectors.o
  OTG_HS_EP1_IN_IRQHandler   0x0800038D                  2  Code  Wk  stm32f407xx_Vectors.o
  OTG_HS_EP1_OUT_IRQHandler  0x0800038B                  2  Code  Wk  stm32f407xx_Vectors.o
  OTG_HS_IRQHandler          0x08000391                  2  Code  Wk  stm32f407xx_Vectors.o
  OTG_HS_WKUP_IRQHandler     0x0800038F                  2  Code  Wk  stm32f407xx_Vectors.o
  PVD_IRQHandler             0x080002F9                  2  Code  Wk  stm32f407xx_Vectors.o
  PendSV_Handler             0x080002F3                  2  Code  Wk  stm32f407xx_Vectors.o
  RCC_IRQHandler             0x08000301                  2  Code  Wk  stm32f407xx_Vectors.o
  RTC_Alarm_IRQHandler       0x08000349                  2  Code  Wk  stm32f407xx_Vectors.o
  RTC_WKUP_IRQHandler        0x080002FD                  2  Code  Wk  stm32f407xx_Vectors.o
  Reset_Handler              0x0800039B                  2  Code  Gb  STM32F4xx_Startup.o
  SDIO_IRQHandler            0x08000359                  2  Code  Wk  stm32f407xx_Vectors.o
  SPI1_IRQHandler            0x0800033D                  2  Code  Wk  stm32f407xx_Vectors.o
  SPI2_IRQHandler            0x0800033F                  2  Code  Wk  stm32f407xx_Vectors.o
  SPI3_IRQHandler            0x0800035D                  2  Code  Wk  stm32f407xx_Vectors.o
  SVC_Handler                0x080002EF                  2  Code  Wk  stm32f407xx_Vectors.o
  SysTick_Handler            0x080002F5                  2  Code  Wk  stm32f407xx_Vectors.o
  SystemCoreClockUpdate      0x080001B1         248      4  Code  Gb  system_stm32f4xx.o
  SystemInit                 0x08000199          24      4  Code  Gb  system_stm32f4xx.o
  TAMP_STAMP_IRQHandler      0x080002FB                  2  Code  Wk  stm32f407xx_Vectors.o
  TIM1_BRK_TIM9_IRQHandler   0x08000327                  2  Code  Wk  stm32f407xx_Vectors.o
  TIM1_CC_IRQHandler         0x0800032D                  2  Code  Wk  stm32f407xx_Vectors.o
  TIM1_TRG_COM_TIM11_IRQHandler
                             0x0800032B                  2  Code  Wk  stm32f407xx_Vectors.o
  TIM1_UP_TIM10_IRQHandler   0x08000329                  2  Code  Wk  stm32f407xx_Vectors.o
  TIM2_IRQHandler            0x0800032F                  2  Code  Wk  stm32f407xx_Vectors.o
  TIM3_IRQHandler            0x08000331                  2  Code  Wk  stm32f407xx_Vectors.o
  TIM4_IRQHandler            0x08000333                  2  Code  Wk  stm32f407xx_Vectors.o
  TIM5_IRQHandler            0x0800035B                  2  Code  Wk  stm32f407xx_Vectors.o
  TIM6_DAC_IRQHandler        0x08000363                  2  Code  Wk  stm32f407xx_Vectors.o
  TIM7_IRQHandler            0x08000365                  2  Code  Wk  stm32f407xx_Vectors.o
  TIM8_BRK_TIM12_IRQHandler  0x0800034D                  2  Code  Wk  stm32f407xx_Vectors.o
  TIM8_CC_IRQHandler         0x08000353                  2  Code  Wk  stm32f407xx_Vectors.o
  TIM8_TRG_COM_TIM14_IRQHandler
                             0x08000351                  2  Code  Wk  stm32f407xx_Vectors.o
  TIM8_UP_TIM13_IRQHandler   0x0800034F                  2  Code  Wk  stm32f407xx_Vectors.o
  UART4_IRQHandler           0x0800035F                  2  Code  Wk  stm32f407xx_Vectors.o
  UART5_IRQHandler           0x08000361                  2  Code  Wk  stm32f407xx_Vectors.o
  USART1_IRQHandler          0x08000341                  2  Code  Wk  stm32f407xx_Vectors.o
  USART2_IRQHandler          0x08000343                  2  Code  Wk  stm32f407xx_Vectors.o
  USART3_IRQHandler          0x08000345                  2  Code  Wk  stm32f407xx_Vectors.o
  USART6_IRQHandler          0x08000385                  2  Code  Wk  stm32f407xx_Vectors.o
  UsageFault_Handler         0x080002ED                  2  Code  Wk  stm32f407xx_Vectors.o
  WWDG_IRQHandler            0x080002F7                  2  Code  Wk  stm32f407xx_Vectors.o
  __SEGGER_init_copy         0x080003F5          20      2  Code  Wk  SEGGER_crtinit_v7em_little.o
  __SEGGER_init_ctors        0x080003B9          24      4  Code  Wk  SEGGER_crtinit_v7em_little.o
  __SEGGER_init_done         0x080002B3                  4  Code  Gb  SEGGER_THUMB_Startup.o
  __startup_complete         0x080002B3                  4  Code  Gb  SEGGER_THUMB_Startup.o
  _start                     0x080002A9          14      4  Code  Gb  SEGGER_THUMB_Startup.o
  exit                       0x080002B7           2      4  Code  Gb  SEGGER_THUMB_Startup.o
  main                       0x080002E5           2      2  Code  Gb  main.o
  reset_handler              0x0800039B                  2  Code  Gb  STM32F4xx_Startup.o

Function symbols by address:

     Address  Symbol name                      Size  Align  Type  Bd  Object File
  ----------  -------------------------  ----------  -----  ----  --  -----------
  0x08000199  SystemInit                         24      4  Code  Gb  system_stm32f4xx.o
  0x080001B1  SystemCoreClockUpdate             248      4  Code  Gb  system_stm32f4xx.o
  0x080002A9  _start                             14      4  Code  Gb  SEGGER_THUMB_Startup.o
  0x080002B3  __startup_complete                         4  Code  Gb  SEGGER_THUMB_Startup.o
  0x080002B3  __SEGGER_init_done                         4  Code  Gb  SEGGER_THUMB_Startup.o
  0x080002B7  exit                                2      4  Code  Gb  SEGGER_THUMB_Startup.o
  0x080002BD  HardFault_Handler                          4  Code  Wk  STM32F4xx_Startup.o
  0x080002E5  main                                2      2  Code  Gb  main.o
  0x080002E7  NMI_Handler                                2  Code  Wk  stm32f407xx_Vectors.o
  0x080002E9  MemManage_Handler                          2  Code  Wk  stm32f407xx_Vectors.o
  0x080002EB  BusFault_Handler                           2  Code  Wk  stm32f407xx_Vectors.o
  0x080002ED  UsageFault_Handler                         2  Code  Wk  stm32f407xx_Vectors.o
  0x080002EF  SVC_Handler                                2  Code  Wk  stm32f407xx_Vectors.o
  0x080002F1  DebugMon_Handler                           2  Code  Wk  stm32f407xx_Vectors.o
  0x080002F3  PendSV_Handler                             2  Code  Wk  stm32f407xx_Vectors.o
  0x080002F5  SysTick_Handler                            2  Code  Wk  stm32f407xx_Vectors.o
  0x080002F7  WWDG_IRQHandler                            2  Code  Wk  stm32f407xx_Vectors.o
  0x080002F9  PVD_IRQHandler                             2  Code  Wk  stm32f407xx_Vectors.o
  0x080002FB  TAMP_STAMP_IRQHandler                      2  Code  Wk  stm32f407xx_Vectors.o
  0x080002FD  RTC_WKUP_IRQHandler                        2  Code  Wk  stm32f407xx_Vectors.o
  0x080002FF  FLASH_IRQHandler                           2  Code  Wk  stm32f407xx_Vectors.o
  0x08000301  RCC_IRQHandler                             2  Code  Wk  stm32f407xx_Vectors.o
  0x08000303  EXTI0_IRQHandler                           2  Code  Wk  stm32f407xx_Vectors.o
  0x08000305  EXTI1_IRQHandler                           2  Code  Wk  stm32f407xx_Vectors.o
  0x08000307  EXTI2_IRQHandler                           2  Code  Wk  stm32f407xx_Vectors.o
  0x08000309  EXTI3_IRQHandler                           2  Code  Wk  stm32f407xx_Vectors.o
  0x0800030B  EXTI4_IRQHandler                           2  Code  Wk  stm32f407xx_Vectors.o
  0x0800030D  DMA1_Stream0_IRQHandler                    2  Code  Wk  stm32f407xx_Vectors.o
  0x0800030F  DMA1_Stream1_IRQHandler                    2  Code  Wk  stm32f407xx_Vectors.o
  0x08000311  DMA1_Stream2_IRQHandler                    2  Code  Wk  stm32f407xx_Vectors.o
  0x08000313  DMA1_Stream3_IRQHandler                    2  Code  Wk  stm32f407xx_Vectors.o
  0x08000315  DMA1_Stream4_IRQHandler                    2  Code  Wk  stm32f407xx_Vectors.o
  0x08000317  DMA1_Stream5_IRQHandler                    2  Code  Wk  stm32f407xx_Vectors.o
  0x08000319  DMA1_Stream6_IRQHandler                    2  Code  Wk  stm32f407xx_Vectors.o
  0x0800031B  ADC_IRQHandler                             2  Code  Wk  stm32f407xx_Vectors.o
  0x0800031D  CAN1_TX_IRQHandler                         2  Code  Wk  stm32f407xx_Vectors.o
  0x0800031F  CAN1_RX0_IRQHandler                        2  Code  Wk  stm32f407xx_Vectors.o
  0x08000321  CAN1_RX1_IRQHandler                        2  Code  Wk  stm32f407xx_Vectors.o
  0x08000323  CAN1_SCE_IRQHandler                        2  Code  Wk  stm32f407xx_Vectors.o
  0x08000325  EXTI9_5_IRQHandler                         2  Code  Wk  stm32f407xx_Vectors.o
  0x08000327  TIM1_BRK_TIM9_IRQHandler                   2  Code  Wk  stm32f407xx_Vectors.o
  0x08000329  TIM1_UP_TIM10_IRQHandler                   2  Code  Wk  stm32f407xx_Vectors.o
  0x0800032B  TIM1_TRG_COM_TIM11_IRQHandler
                                                         2  Code  Wk  stm32f407xx_Vectors.o
  0x0800032D  TIM1_CC_IRQHandler                         2  Code  Wk  stm32f407xx_Vectors.o
  0x0800032F  TIM2_IRQHandler                            2  Code  Wk  stm32f407xx_Vectors.o
  0x08000331  TIM3_IRQHandler                            2  Code  Wk  stm32f407xx_Vectors.o
  0x08000333  TIM4_IRQHandler                            2  Code  Wk  stm32f407xx_Vectors.o
  0x08000335  I2C1_EV_IRQHandler                         2  Code  Wk  stm32f407xx_Vectors.o
  0x08000337  I2C1_ER_IRQHandler                         2  Code  Wk  stm32f407xx_Vectors.o
  0x08000339  I2C2_EV_IRQHandler                         2  Code  Wk  stm32f407xx_Vectors.o
  0x0800033B  I2C2_ER_IRQHandler                         2  Code  Wk  stm32f407xx_Vectors.o
  0x0800033D  SPI1_IRQHandler                            2  Code  Wk  stm32f407xx_Vectors.o
  0x0800033F  SPI2_IRQHandler                            2  Code  Wk  stm32f407xx_Vectors.o
  0x08000341  USART1_IRQHandler                          2  Code  Wk  stm32f407xx_Vectors.o
  0x08000343  USART2_IRQHandler                          2  Code  Wk  stm32f407xx_Vectors.o
  0x08000345  USART3_IRQHandler                          2  Code  Wk  stm32f407xx_Vectors.o
  0x08000347  EXTI15_10_IRQHandler                       2  Code  Wk  stm32f407xx_Vectors.o
  0x08000349  RTC_Alarm_IRQHandler                       2  Code  Wk  stm32f407xx_Vectors.o
  0x0800034B  OTG_FS_WKUP_IRQHandler                     2  Code  Wk  stm32f407xx_Vectors.o
  0x0800034D  TIM8_BRK_TIM12_IRQHandler                  2  Code  Wk  stm32f407xx_Vectors.o
  0x0800034F  TIM8_UP_TIM13_IRQHandler                   2  Code  Wk  stm32f407xx_Vectors.o
  0x08000351  TIM8_TRG_COM_TIM14_IRQHandler
                                                         2  Code  Wk  stm32f407xx_Vectors.o
  0x08000353  TIM8_CC_IRQHandler                         2  Code  Wk  stm32f407xx_Vectors.o
  0x08000355  DMA1_Stream7_IRQHandler                    2  Code  Wk  stm32f407xx_Vectors.o
  0x08000357  FSMC_IRQHandler                            2  Code  Wk  stm32f407xx_Vectors.o
  0x08000359  SDIO_IRQHandler                            2  Code  Wk  stm32f407xx_Vectors.o
  0x0800035B  TIM5_IRQHandler                            2  Code  Wk  stm32f407xx_Vectors.o
  0x0800035D  SPI3_IRQHandler                            2  Code  Wk  stm32f407xx_Vectors.o
  0x0800035F  UART4_IRQHandler                           2  Code  Wk  stm32f407xx_Vectors.o
  0x08000361  UART5_IRQHandler                           2  Code  Wk  stm32f407xx_Vectors.o
  0x08000363  TIM6_DAC_IRQHandler                        2  Code  Wk  stm32f407xx_Vectors.o
  0x08000365  TIM7_IRQHandler                            2  Code  Wk  stm32f407xx_Vectors.o
  0x08000367  DMA2_Stream0_IRQHandler                    2  Code  Wk  stm32f407xx_Vectors.o
  0x08000369  DMA2_Stream1_IRQHandler                    2  Code  Wk  stm32f407xx_Vectors.o
  0x0800036B  DMA2_Stream2_IRQHandler                    2  Code  Wk  stm32f407xx_Vectors.o
  0x0800036D  DMA2_Stream3_IRQHandler                    2  Code  Wk  stm32f407xx_Vectors.o
  0x0800036F  DMA2_Stream4_IRQHandler                    2  Code  Wk  stm32f407xx_Vectors.o
  0x08000371  ETH_IRQHandler                             2  Code  Wk  stm32f407xx_Vectors.o
  0x08000373  ETH_WKUP_IRQHandler                        2  Code  Wk  stm32f407xx_Vectors.o
  0x08000375  CAN2_TX_IRQHandler                         2  Code  Wk  stm32f407xx_Vectors.o
  0x08000377  CAN2_RX0_IRQHandler                        2  Code  Wk  stm32f407xx_Vectors.o
  0x08000379  CAN2_RX1_IRQHandler                        2  Code  Wk  stm32f407xx_Vectors.o
  0x0800037B  CAN2_SCE_IRQHandler                        2  Code  Wk  stm32f407xx_Vectors.o
  0x0800037D  OTG_FS_IRQHandler                          2  Code  Wk  stm32f407xx_Vectors.o
  0x0800037F  DMA2_Stream5_IRQHandler                    2  Code  Wk  stm32f407xx_Vectors.o
  0x08000381  DMA2_Stream6_IRQHandler                    2  Code  Wk  stm32f407xx_Vectors.o
  0x08000383  DMA2_Stream7_IRQHandler                    2  Code  Wk  stm32f407xx_Vectors.o
  0x08000385  USART6_IRQHandler                          2  Code  Wk  stm32f407xx_Vectors.o
  0x08000387  I2C3_EV_IRQHandler                         2  Code  Wk  stm32f407xx_Vectors.o
  0x08000389  I2C3_ER_IRQHandler                         2  Code  Wk  stm32f407xx_Vectors.o
  0x0800038B  OTG_HS_EP1_OUT_IRQHandler                  2  Code  Wk  stm32f407xx_Vectors.o
  0x0800038D  OTG_HS_EP1_IN_IRQHandler                   2  Code  Wk  stm32f407xx_Vectors.o
  0x0800038F  OTG_HS_WKUP_IRQHandler                     2  Code  Wk  stm32f407xx_Vectors.o
  0x08000391  OTG_HS_IRQHandler                          2  Code  Wk  stm32f407xx_Vectors.o
  0x08000393  DCMI_IRQHandler                            2  Code  Wk  stm32f407xx_Vectors.o
  0x08000395  HASH_RNG_IRQHandler                        2  Code  Wk  stm32f407xx_Vectors.o
  0x08000397  FPU_IRQHandler                             2  Code  Wk  stm32f407xx_Vectors.o
  0x08000399  Dummy_Handler                              2  Code  Wk  stm32f407xx_Vectors.o
  0x0800039B  reset_handler                              2  Code  Gb  STM32F4xx_Startup.o
  0x0800039B  Reset_Handler                              2  Code  Gb  STM32F4xx_Startup.o
  0x080003B9  __SEGGER_init_ctors                24      4  Code  Wk  SEGGER_crtinit_v7em_little.o
  0x080003F5  __SEGGER_init_copy                 20      2  Code  Wk  SEGGER_crtinit_v7em_little.o

Function symbols by descending size:

  Symbol name                      Size  Align  Type  Bd  Object File
  -------------------------  ----------  -----  ----  --  -----------
  SystemCoreClockUpdate             248      4  Code  Gb  system_stm32f4xx.o
  SystemInit                         24      4  Code  Gb  system_stm32f4xx.o
  __SEGGER_init_ctors                24      4  Code  Wk  SEGGER_crtinit_v7em_little.o
  __SEGGER_init_copy                 20      2  Code  Wk  SEGGER_crtinit_v7em_little.o
  _start                             14      4  Code  Gb  SEGGER_THUMB_Startup.o
  exit                                2      4  Code  Gb  SEGGER_THUMB_Startup.o
  main                                2      2  Code  Gb  main.o
  ADC_IRQHandler                             2  Code  Wk  stm32f407xx_Vectors.o
  BusFault_Handler                           2  Code  Wk  stm32f407xx_Vectors.o
  CAN1_RX0_IRQHandler                        2  Code  Wk  stm32f407xx_Vectors.o
  CAN1_RX1_IRQHandler                        2  Code  Wk  stm32f407xx_Vectors.o
  CAN1_SCE_IRQHandler                        2  Code  Wk  stm32f407xx_Vectors.o
  CAN1_TX_IRQHandler                         2  Code  Wk  stm32f407xx_Vectors.o
  CAN2_RX0_IRQHandler                        2  Code  Wk  stm32f407xx_Vectors.o
  CAN2_RX1_IRQHandler                        2  Code  Wk  stm32f407xx_Vectors.o
  CAN2_SCE_IRQHandler                        2  Code  Wk  stm32f407xx_Vectors.o
  CAN2_TX_IRQHandler                         2  Code  Wk  stm32f407xx_Vectors.o
  DCMI_IRQHandler                            2  Code  Wk  stm32f407xx_Vectors.o
  DMA1_Stream0_IRQHandler                    2  Code  Wk  stm32f407xx_Vectors.o
  DMA1_Stream1_IRQHandler                    2  Code  Wk  stm32f407xx_Vectors.o
  DMA1_Stream2_IRQHandler                    2  Code  Wk  stm32f407xx_Vectors.o
  DMA1_Stream3_IRQHandler                    2  Code  Wk  stm32f407xx_Vectors.o
  DMA1_Stream4_IRQHandler                    2  Code  Wk  stm32f407xx_Vectors.o
  DMA1_Stream5_IRQHandler                    2  Code  Wk  stm32f407xx_Vectors.o
  DMA1_Stream6_IRQHandler                    2  Code  Wk  stm32f407xx_Vectors.o
  DMA1_Stream7_IRQHandler                    2  Code  Wk  stm32f407xx_Vectors.o
  DMA2_Stream0_IRQHandler                    2  Code  Wk  stm32f407xx_Vectors.o
  DMA2_Stream1_IRQHandler                    2  Code  Wk  stm32f407xx_Vectors.o
  DMA2_Stream2_IRQHandler                    2  Code  Wk  stm32f407xx_Vectors.o
  DMA2_Stream3_IRQHandler                    2  Code  Wk  stm32f407xx_Vectors.o
  DMA2_Stream4_IRQHandler                    2  Code  Wk  stm32f407xx_Vectors.o
  DMA2_Stream5_IRQHandler                    2  Code  Wk  stm32f407xx_Vectors.o
  DMA2_Stream6_IRQHandler                    2  Code  Wk  stm32f407xx_Vectors.o
  DMA2_Stream7_IRQHandler                    2  Code  Wk  stm32f407xx_Vectors.o
  DebugMon_Handler                           2  Code  Wk  stm32f407xx_Vectors.o
  Dummy_Handler                              2  Code  Wk  stm32f407xx_Vectors.o
  ETH_IRQHandler                             2  Code  Wk  stm32f407xx_Vectors.o
  ETH_WKUP_IRQHandler                        2  Code  Wk  stm32f407xx_Vectors.o
  EXTI0_IRQHandler                           2  Code  Wk  stm32f407xx_Vectors.o
  EXTI15_10_IRQHandler                       2  Code  Wk  stm32f407xx_Vectors.o
  EXTI1_IRQHandler                           2  Code  Wk  stm32f407xx_Vectors.o
  EXTI2_IRQHandler                           2  Code  Wk  stm32f407xx_Vectors.o
  EXTI3_IRQHandler                           2  Code  Wk  stm32f407xx_Vectors.o
  EXTI4_IRQHandler                           2  Code  Wk  stm32f407xx_Vectors.o
  EXTI9_5_IRQHandler                         2  Code  Wk  stm32f407xx_Vectors.o
  FLASH_IRQHandler                           2  Code  Wk  stm32f407xx_Vectors.o
  FPU_IRQHandler                             2  Code  Wk  stm32f407xx_Vectors.o
  FSMC_IRQHandler                            2  Code  Wk  stm32f407xx_Vectors.o
  HASH_RNG_IRQHandler                        2  Code  Wk  stm32f407xx_Vectors.o
  HardFault_Handler                          4  Code  Wk  STM32F4xx_Startup.o
  I2C1_ER_IRQHandler                         2  Code  Wk  stm32f407xx_Vectors.o
  I2C1_EV_IRQHandler                         2  Code  Wk  stm32f407xx_Vectors.o
  I2C2_ER_IRQHandler                         2  Code  Wk  stm32f407xx_Vectors.o
  I2C2_EV_IRQHandler                         2  Code  Wk  stm32f407xx_Vectors.o
  I2C3_ER_IRQHandler                         2  Code  Wk  stm32f407xx_Vectors.o
  I2C3_EV_IRQHandler                         2  Code  Wk  stm32f407xx_Vectors.o
  MemManage_Handler                          2  Code  Wk  stm32f407xx_Vectors.o
  NMI_Handler                                2  Code  Wk  stm32f407xx_Vectors.o
  OTG_FS_IRQHandler                          2  Code  Wk  stm32f407xx_Vectors.o
  OTG_FS_WKUP_IRQHandler                     2  Code  Wk  stm32f407xx_Vectors.o
  OTG_HS_EP1_IN_IRQHandler                   2  Code  Wk  stm32f407xx_Vectors.o
  OTG_HS_EP1_OUT_IRQHandler                  2  Code  Wk  stm32f407xx_Vectors.o
  OTG_HS_IRQHandler                          2  Code  Wk  stm32f407xx_Vectors.o
  OTG_HS_WKUP_IRQHandler                     2  Code  Wk  stm32f407xx_Vectors.o
  PVD_IRQHandler                             2  Code  Wk  stm32f407xx_Vectors.o
  PendSV_Handler                             2  Code  Wk  stm32f407xx_Vectors.o
  RCC_IRQHandler                             2  Code  Wk  stm32f407xx_Vectors.o
  RTC_Alarm_IRQHandler                       2  Code  Wk  stm32f407xx_Vectors.o
  RTC_WKUP_IRQHandler                        2  Code  Wk  stm32f407xx_Vectors.o
  Reset_Handler                              2  Code  Gb  STM32F4xx_Startup.o
  SDIO_IRQHandler                            2  Code  Wk  stm32f407xx_Vectors.o
  SPI1_IRQHandler                            2  Code  Wk  stm32f407xx_Vectors.o
  SPI2_IRQHandler                            2  Code  Wk  stm32f407xx_Vectors.o
  SPI3_IRQHandler                            2  Code  Wk  stm32f407xx_Vectors.o
  SVC_Handler                                2  Code  Wk  stm32f407xx_Vectors.o
  SysTick_Handler                            2  Code  Wk  stm32f407xx_Vectors.o
  TAMP_STAMP_IRQHandler                      2  Code  Wk  stm32f407xx_Vectors.o
  TIM1_BRK_TIM9_IRQHandler                   2  Code  Wk  stm32f407xx_Vectors.o
  TIM1_CC_IRQHandler                         2  Code  Wk  stm32f407xx_Vectors.o
  TIM1_TRG_COM_TIM11_IRQHandler
                                             2  Code  Wk  stm32f407xx_Vectors.o
  TIM1_UP_TIM10_IRQHandler                   2  Code  Wk  stm32f407xx_Vectors.o
  TIM2_IRQHandler                            2  Code  Wk  stm32f407xx_Vectors.o
  TIM3_IRQHandler                            2  Code  Wk  stm32f407xx_Vectors.o
  TIM4_IRQHandler                            2  Code  Wk  stm32f407xx_Vectors.o
  TIM5_IRQHandler                            2  Code  Wk  stm32f407xx_Vectors.o
  TIM6_DAC_IRQHandler                        2  Code  Wk  stm32f407xx_Vectors.o
  TIM7_IRQHandler                            2  Code  Wk  stm32f407xx_Vectors.o
  TIM8_BRK_TIM12_IRQHandler                  2  Code  Wk  stm32f407xx_Vectors.o
  TIM8_CC_IRQHandler                         2  Code  Wk  stm32f407xx_Vectors.o
  TIM8_TRG_COM_TIM14_IRQHandler
                                             2  Code  Wk  stm32f407xx_Vectors.o
  TIM8_UP_TIM13_IRQHandler                   2  Code  Wk  stm32f407xx_Vectors.o
  UART4_IRQHandler                           2  Code  Wk  stm32f407xx_Vectors.o
  UART5_IRQHandler                           2  Code  Wk  stm32f407xx_Vectors.o
  USART1_IRQHandler                          2  Code  Wk  stm32f407xx_Vectors.o
  USART2_IRQHandler                          2  Code  Wk  stm32f407xx_Vectors.o
  USART3_IRQHandler                          2  Code  Wk  stm32f407xx_Vectors.o
  USART6_IRQHandler                          2  Code  Wk  stm32f407xx_Vectors.o
  UsageFault_Handler                         2  Code  Wk  stm32f407xx_Vectors.o
  WWDG_IRQHandler                            2  Code  Wk  stm32f407xx_Vectors.o
  __SEGGER_init_done                         4  Code  Gb  SEGGER_THUMB_Startup.o
  __startup_complete                         4  Code  Gb  SEGGER_THUMB_Startup.o
  reset_handler                              2  Code  Gb  STM32F4xx_Startup.o

Read-write data symbols by name:

  Symbol name                   Address        Size  Align  Type  Bd  Object File
  -------------------------  ----------  ----------  -----  ----  --  -----------
  SystemCoreClock            0x10000000           4      4  Init  Gb  system_stm32f4xx.o

Read-write data symbols by address:

     Address  Symbol name                      Size  Align  Type  Bd  Object File
  ----------  -------------------------  ----------  -----  ----  --  -----------
  0x10000000  SystemCoreClock                     4      4  Init  Gb  system_stm32f4xx.o

Read-write data symbols by descending size:

  Symbol name                      Size  Align  Type  Bd  Object File
  -------------------------  ----------  -----  ----  --  -----------
  SystemCoreClock                     4      4  Init  Gb  system_stm32f4xx.o

Read-only data symbols by name:

  Symbol name                   Address        Size  Align  Type  Bd  Object File
  -------------------------  ----------  ----------  -----  ----  --  -----------
  AHBPrescTable              0x08000188          16      4  Cnst  Gb  system_stm32f4xx.o
  __SEGGER_init_data__       0x080003F0         [4]      4  Cnst  Lc  [ Linker created ]
  __SEGGER_init_table__      0x080003D8        [24]      4  Cnst  Lc  [ Linker created ]

Read-only data symbols by address:

     Address  Symbol name                      Size  Align  Type  Bd  Object File
  ----------  -------------------------  ----------  -----  ----  --  -----------
  0x08000188  AHBPrescTable                      16      4  Cnst  Gb  system_stm32f4xx.o
  0x080003D8  __SEGGER_init_table__            [24]      4  Cnst  Lc  [ Linker created ]
  0x080003F0  __SEGGER_init_data__              [4]      4  Cnst  Lc  [ Linker created ]

Untyped symbols by name:

  Symbol name                     Value        Size  Align  Type  Bd  Object File
  -------------------------  ----------  ----------  -----  ----  --  -----------
  __CCM_RAM1_segment_end__   0x10010000                     ----  Gb  [ Linker created ]
  __CCM_RAM1_segment_size__  0x00010000                     ----  Gb  [ Linker created ]
  __CCM_RAM1_segment_start__
                             0x10000000                     ----  Gb  [ Linker created ]
  __CCM_RAM1_segment_used_end__
                             0x10000004                     ----  Gb  [ Linker created ]
  __CCM_RAM1_segment_used_size__
                             0x00000004                     ----  Gb  [ Linker created ]
  __CCM_RAM1_segment_used_start__
                             0x10000000                     ----  Gb  [ Linker created ]
  __DATA_RAM_segment_end__   0x20020000                     ----  Gb  [ Linker created ]
  __DATA_RAM_segment_size__  0x10020000                     ----  Gb  [ Linker created ]
  __DATA_RAM_segment_start__
                             0x10000000                     ----  Gb  [ Linker created ]
  __DATA_RAM_segment_used_end__
                             0x20020000                     ----  Gb  [ Linker created ]
  __DATA_RAM_segment_used_size__
                             0x10020000                     ----  Gb  [ Linker created ]
  __DATA_RAM_segment_used_start__
                             0x10000000                     ----  Gb  [ Linker created ]
  __FLASH1_segment_end__     0x08080000                     ----  Gb  [ Linker created ]
  __FLASH1_segment_size__    0x00080000                     ----  Gb  [ Linker created ]
  __FLASH1_segment_start__   0x08000000                     ----  Gb  [ Linker created ]
  __FLASH1_segment_used_end__
                             0x08000408                     ----  Gb  [ Linker created ]
  __FLASH1_segment_used_size__
                             0x00000408                     ----  Gb  [ Linker created ]
  __FLASH1_segment_used_start__
                             0x08000000                     ----  Gb  [ Linker created ]
  __FLASH_segment_end__      0x08080000                     ----  Gb  [ Linker created ]
  __FLASH_segment_size__     0x00080000                     ----  Gb  [ Linker created ]
  __FLASH_segment_start__    0x08000000                     ----  Gb  [ Linker created ]
  __FLASH_segment_used_end__
                             0x08000408                     ----  Gb  [ Linker created ]
  __FLASH_segment_used_size__
                             0x00000408                     ----  Gb  [ Linker created ]
  __FLASH_segment_used_start__
                             0x08000000                     ----  Gb  [ Linker created ]
  __HEAPSIZE__               0x00000400                     ----  Gb  [ Linker created ]
  __INST_RAM_segment_end__   0x20020000                     ----  Gb  [ Linker created ]
  __INST_RAM_segment_size__  0x00020000                     ----  Gb  [ Linker created ]
  __INST_RAM_segment_start__
                             0x20000000                     ----  Gb  [ Linker created ]
  __INST_RAM_segment_used_end__
                             0x20020000                     ----  Gb  [ Linker created ]
  __INST_RAM_segment_used_size__
                             0x00000800                     ----  Gb  [ Linker created ]
  __INST_RAM_segment_used_start__
                             0x2001F800                     ----  Gb  [ Linker created ]
  __RAM1_segment_end__       0x20020000                     ----  Gb  [ Linker created ]
  __RAM1_segment_size__      0x00020000                     ----  Gb  [ Linker created ]
  __RAM1_segment_start__     0x20000000                     ----  Gb  [ Linker created ]
  __RAM1_segment_used_end__  0x20020000                     ----  Gb  [ Linker created ]
  __RAM1_segment_used_size__
                             0x00000800                     ----  Gb  [ Linker created ]
  __RAM1_segment_used_start__
                             0x2001F800                     ----  Gb  [ Linker created ]
  __STACKSIZE_PROCESS__      0x00000000                     ----  Gb  [ Linker created ]
  __STACKSIZE__              0x00000800                     ----  Gb  [ Linker created ]
  __ctors_end__              0x080003B8                     ----  Gb  [ Linker created ]
  __ctors_start__            0x080003B4                     ----  Gb  [ Linker created ]
  __stack_end__              0x20020000                     ----  Gb  [ Linker created ]
  __thread_pointer$          0x00000000                     ----  Gb  [ Linker created ]
  _vectors                   0x08000000       [392]    512  Code  Gb  stm32f407xx_Vectors.o
  _vectors_end               0x08000188                512  Code  Lc  stm32f407xx_Vectors.o

Untyped symbols by address:

       Value  Symbol name                      Size  Align  Type  Bd  Object File
  ----------  -------------------------  ----------  -----  ----  --  -----------
  0x00000000  __thread_pointer$                             ----  Gb  [ Linker created ]
  0x00000000  __STACKSIZE_PROCESS__                         ----  Gb  [ Linker created ]
  0x00000004  __CCM_RAM1_segment_used_size__
                                                            ----  Gb  [ Linker created ]
  0x00000400  __HEAPSIZE__                                  ----  Gb  [ Linker created ]
  0x00000408  __FLASH_segment_used_size__
                                                            ----  Gb  [ Linker created ]
  0x00000408  __FLASH1_segment_used_size__
                                                            ----  Gb  [ Linker created ]
  0x00000800  __STACKSIZE__                                 ----  Gb  [ Linker created ]
  0x00000800  __RAM1_segment_used_size__
                                                            ----  Gb  [ Linker created ]
  0x00000800  __INST_RAM_segment_used_size__
                                                            ----  Gb  [ Linker created ]
  0x00010000  __CCM_RAM1_segment_size__                     ----  Gb  [ Linker created ]
  0x00020000  __RAM1_segment_size__                         ----  Gb  [ Linker created ]
  0x00020000  __INST_RAM_segment_size__                     ----  Gb  [ Linker created ]
  0x00080000  __FLASH_segment_size__                        ----  Gb  [ Linker created ]
  0x00080000  __FLASH1_segment_size__                       ----  Gb  [ Linker created ]
  0x08000000  _vectors                        [392]    512  Code  Gb  stm32f407xx_Vectors.o
  0x08000000  __FLASH_segment_used_start__
                                                            ----  Gb  [ Linker created ]
  0x08000000  __FLASH_segment_start__                       ----  Gb  [ Linker created ]
  0x08000000  __FLASH1_segment_used_start__
                                                            ----  Gb  [ Linker created ]
  0x08000000  __FLASH1_segment_start__                      ----  Gb  [ Linker created ]
  0x08000188  _vectors_end                             512  Code  Lc  stm32f407xx_Vectors.o
  0x080003B4  __ctors_start__                               ----  Gb  [ Linker created ]
  0x080003B8  __ctors_end__                                 ----  Gb  [ Linker created ]
  0x08000408  __FLASH_segment_used_end__
                                                            ----  Gb  [ Linker created ]
  0x08000408  __FLASH1_segment_used_end__
                                                            ----  Gb  [ Linker created ]
  0x08080000  __FLASH_segment_end__                         ----  Gb  [ Linker created ]
  0x08080000  __FLASH1_segment_end__                        ----  Gb  [ Linker created ]
  0x10000000  __DATA_RAM_segment_used_start__
                                                            ----  Gb  [ Linker created ]
  0x10000000  __DATA_RAM_segment_start__
                                                            ----  Gb  [ Linker created ]
  0x10000000  __CCM_RAM1_segment_used_start__
                                                            ----  Gb  [ Linker created ]
  0x10000000  __CCM_RAM1_segment_start__
                                                            ----  Gb  [ Linker created ]
  0x10000004  __CCM_RAM1_segment_used_end__
                                                            ----  Gb  [ Linker created ]
  0x10010000  __CCM_RAM1_segment_end__                      ----  Gb  [ Linker created ]
  0x10020000  __DATA_RAM_segment_used_size__
                                                            ----  Gb  [ Linker created ]
  0x10020000  __DATA_RAM_segment_size__                     ----  Gb  [ Linker created ]
  0x20000000  __RAM1_segment_start__                        ----  Gb  [ Linker created ]
  0x20000000  __INST_RAM_segment_start__
                                                            ----  Gb  [ Linker created ]
  0x2001F800  __RAM1_segment_used_start__
                                                            ----  Gb  [ Linker created ]
  0x2001F800  __INST_RAM_segment_used_start__
                                                            ----  Gb  [ Linker created ]
  0x20020000  __stack_end__                                 ----  Gb  [ Linker created ]
  0x20020000  __RAM1_segment_used_end__                     ----  Gb  [ Linker created ]
  0x20020000  __RAM1_segment_end__                          ----  Gb  [ Linker created ]
  0x20020000  __INST_RAM_segment_used_end__
                                                            ----  Gb  [ Linker created ]
  0x20020000  __INST_RAM_segment_end__                      ----  Gb  [ Linker created ]
  0x20020000  __DATA_RAM_segment_used_end__
                                                            ----  Gb  [ Linker created ]
  0x20020000  __DATA_RAM_segment_end__                      ----  Gb  [ Linker created ]


***********************************************************************************************
***                                                                                         ***
***                                      LINK SUMMARY                                       ***
***                                                                                         ***
***********************************************************************************************

Memory breakdown:

      982 bytes read-only  code    + 
       44 bytes read-only  data    =   1 026 bytes read-only (total)
    2 052 bytes read-write data

Region summary:

  Name        Range                     Size                 Used               Unused       Alignment Loss
  ----------  -----------------  -----------  -------------------  -------------------  -------------------
  FLASH       08000000-0807ffff      524 288        1 030   0.20%      523 258  99.80%            0   0.00%
  CCM_RAM1    10000000-1000ffff       65 536            4   0.01%       65 532  99.99%            0   0.00%
  INST_RAM    20000000-2001ffff      131 072        2 048   1.56%      129 024  98.44%            0   0.00%

Link complete: 0 errors, 0 warnings, 0 remarks
